// Jest Snapshot v1, https://goo.gl/fbAQLP

exports[`Profile.GeneralInfo render snapshot 1`] = `
<Styled(View)>
  <Component
    icon={true}
    image={
      Object {
        "testUri": "../../../src/Assets/images/Profile/default_avatar.jpg",
      }
    }
    onChange={[Function]}
    testID="UploadAvatar"
  />
  <Styled(View)>
    <Styled(View)>
      <InputBlock
        animatedLabel={true}
        animatedLine={true}
        maxLength={15}
        onBlur={null}
        onChange={[Function]}
        testID="FirstName"
        value="first name"
      />
    </Styled(View)>
    <Styled(View)
      mr={0}
    >
      <InputBlock
        animatedLabel={true}
        animatedLine={true}
        maxLength={15}
        onBlur={null}
        onChange={[Function]}
        testID="LastName"
        value="last name"
      />
    </Styled(View)>
  </Styled(View)>
  <Styled(View)>
    <Styled(View)
      flex={1}
      mr={0}
    >
      <InputBlock
        animatedLabel={true}
        animatedLine={true}
        onBlur={null}
        onChange={[Function]}
        testID="Email"
      />
    </Styled(View)>
  </Styled(View)>
  <Styled(View)>
    <Styled(View)
      flex={1}
      mr={0}
    >
      <InputBlock
        animatedLine={true}
        onBlur={null}
        onChange={[Function]}
        testID="PhoneNumber"
      />
    </Styled(View)>
  </Styled(View)>
  <Styled(View)>
    <Styled(View)
      flex={1}
      mr={0}
    >
      <DatePicker
        onSelect={[Function]}
        testID="DatePicker"
        value="12-10-2000"
      />
    </Styled(View)>
  </Styled(View)>
  <Styled(View)>
    <Component
      label=""
      onClick={[Function]}
      testID="LocationAutocomplete"
      value="address"
    />
    <Styled(View)>
      <Styled(View)
        flex={1}
        mr={0}
      >
        <InputBlock
          animatedLabel={true}
          animatedLine={true}
          maxLength={10}
          numberMode={true}
          onBlur={null}
          onChange={[Function]}
          testID="defaultRadius"
        />
      </Styled(View)>
    </Styled(View)>
    <Styled(View)>
      <Styled(View)>
        <InputBlock
          animatedLabel={true}
          animatedLine={true}
          onBlur={null}
          onChange={[Function]}
          testID="city"
          value="city"
        />
      </Styled(View)>
      <Styled(View)
        mr={0}
      >
        <InputBlock
          animatedLabel={true}
          animatedLine={true}
          onBlur={null}
          onChange={[Function]}
          testID="state"
          value="state"
        />
      </Styled(View)>
    </Styled(View)>
    <Styled(View)>
      <Styled(View)>
        <InputBlock
          animatedLabel={true}
          animatedLine={true}
          onBlur={null}
          onChange={[Function]}
          testID="zipCode"
          value="zipCode"
        />
      </Styled(View)>
      <Styled(View)
        mr={0}
      >
        <InputBlock
          animatedLabel={true}
          animatedLine={true}
          onBlur={null}
          onChange={[Function]}
          testID="country"
          value="country"
        />
      </Styled(View)>
    </Styled(View)>
    <Styled(View)
      mr={0}
      width="100%"
    >
      <TouchableOpacity
        activeOpacity={0.2}
        onPress={[Function]}
        testID="openMapButton"
      >
        <Styled(View)>
          <Component />
        </Styled(View)>
      </TouchableOpacity>
    </Styled(View)>
  </Styled(View)>
  <Styled(View)>
    <LicenseAgreement
      onChange={[Function]}
      onSuccess={[Function]}
      testID="LicenseAgreement"
      value={true}
    />
  </Styled(View)>
</Styled(View)>
`;
