// Jest Snapshot v1, https://goo.gl/fbAQLP

exports[`UploadImages render snapshot 1`] = `
Array [
  <Styled(View)>
    <Styled(Text)>
      title
    </Styled(Text)>
    <Styled(Text)>
      subTitle
    </Styled(Text)>
    <Styled(View)>
      <FlatList
        ListHeaderComponent={[Function]}
        data={Array []}
        disableVirtualization={false}
        horizontal={true}
        initialNumToRender={10}
        keyExtractor={[Function]}
        maxToRenderPerBatch={10}
        numColumns={1}
        onEndReachedThreshold={2}
        removeClippedSubviews={false}
        renderItem={[Function]}
        scrollEventThrottle={50}
        updateCellsBatchingPeriod={50}
        windowSize={21}
      />
    </Styled(View)>
  </Styled(View)>,
  <UploadImageItem
    id="id"
    image="image"
    isDeletable={true}
    jobImagesMode="jobImagesMode"
    onDelete={[Function]}
    onItemClick={[Function]}
    type="type"
    userId="userID"
  />,
  <_default
    maxHeight={10000}
    maxWidth={10000}
    onError={[Function]}
    onPhotoSelect={[Function]}
    onResponse={[Function]}
    onStart={[Function]}
  >
    <ForwardRef>
      <ForwardRef />
    </ForwardRef>
  </_default>,
]
`;
