// Jest Snapshot v1, https://goo.gl/fbAQLP

exports[`ApplyServiceProviderCard snapshot 1`] = `
<Styled(View)>
  <Styled(View)>
    <Styled(View)>
      <ProviderPhoto
        avatarURL={null}
        isCheck={false}
        username="username"
      />
    </Styled(View)>
    <Styled(View)>
      <Styled(View)>
        <Styled(Text)>
          givenName F.
        </Styled(Text)>
        <Styled(Icon)
          onClick={[Function]}
        />
      </Styled(View)>
      <Styled(Component)>
        4
      </Styled(Component)>
      <Styled(Text) />
    </Styled(View)>
  </Styled(View)>
</Styled(View)>
`;
