// Jest Snapshot v1, https://goo.gl/fbAQLP

exports[`ServicesAutocomplete render snapshot 1`] = `
Array [
  "",
  <Styled(View)>
    <FlatList
      data={Array []}
      disableVirtualization={false}
      extraData={
        Array [
          "en",
        ]
      }
      horizontal={false}
      initialNumToRender={10}
      keyExtractor={[Function]}
      maxToRenderPerBatch={10}
      numColumns={1}
      onEndReachedThreshold={2}
      removeClippedSubviews={false}
      renderItem={[Function]}
      scrollEventThrottle={50}
      updateCellsBatchingPeriod={50}
      windowSize={21}
    />
    <ScreenLoader
      visible={true}
    />
  </Styled(View)>,
  <ForwardRef
    image="https://s3.amazonaws.com/spotjobs-images-097579889258-us-east-1/service-icons/iconName"
    onClick={[Function]}
    title="services.title"
  />,
]
`;
