// Jest Snapshot v1, https://goo.gl/fbAQLP

exports[`ButtonsGroup render snapshot 1`] = `
<Styled(View)>
  <Button
    fieldStyle={
      Object {
        "height": "100%",
        "maxWidth": "40%",
        "width": "100%",
      }
    }
    gradientStyle={
      Object {
        "flex": 1,
      }
    }
    linear={true}
    loading={false}
    onClick={[Function]}
    style={
      Object {
        "color": "#000",
        "container": Object {},
        "gradient": Object {
          "end": "#cbcbcb",
          "start": "#f1f1f1",
        },
      }
    }
  >
    cancelText
  </Button>
  <Button
    fieldStyle={
      Object {
        "maxWidth": "60%",
        "width": "100%",
      }
    }
    gradientStyle={
      Object {
        "flex": 1,
      }
    }
    linear={true}
    loading={false}
    onClick={[Function]}
    onLayout={[Function]}
    style={
      Object {
        "container": Object {
          "paddingLeft": 15,
          "paddingRight": 15,
        },
      }
    }
  >
    submitText
  </Button>
</Styled(View)>
`;
