// Jest Snapshot v1, https://goo.gl/fbAQLP

exports[`Registration.Header render snapshot 1`] = `
<Component>
  <Styled(View)>
    <Styled(View)>
      <BackIcon
        onClick={[Function]}
      />
    </Styled(View)>
    <Styled(View)
      flex={4}
    >
      <ScreenTitle
        style={
          Object {
            "textAlign": "center",
          }
        }
      >
        Sign Up
      </ScreenTitle>
    </Styled(View)>
    <Styled(View)>
      <Component
        flagName="fff"
        onClick={[Function]}
      />
    </Styled(View)>
  </Styled(View)>
</Component>
`;
