// Jest Snapshot v1, https://goo.gl/fbAQLP

exports[`Profile.Service render snapshot 1`] = `
<TouchableWithoutFeedback
  onPress={[Function]}
>
  <ShadowBox>
    <Component />
    <Styled(View)>
      <FlatList
        data={Array []}
        disableVirtualization={false}
        extraData={
          Array [
            null,
            Object {
              "servicesLengthError": "servicesLengthError",
            },
          ]
        }
        horizontal={false}
        initialNumToRender={10}
        keyExtractor={[Function]}
        maxToRenderPerBatch={10}
        numColumns={1}
        onEndReachedThreshold={2}
        removeClippedSubviews={false}
        renderItem={[Function]}
        scrollEventThrottle={50}
        updateCellsBatchingPeriod={50}
        windowSize={21}
      />
    </Styled(View)>
    <Styled(View)>
      <Button
        onClick={[Function]}
        style={
          Object {
            "color": "#69696a",
            "gradient": Object {
              "end": "#cbcbcb",
              "start": "#f1f1f1",
            },
          }
        }
      />
    </Styled(View)>
    <Styled(View)>
      <InputBlock
        animatedLabel={true}
        animatedLine={true}
        autoHeight={true}
        multiline={true}
        numberOfLines={1}
        onBlur={null}
        onChange={[Function]}
        testID="aboutInput"
      />
    </Styled(View)>
  </ShadowBox>
</TouchableWithoutFeedback>
`;
