// Jest Snapshot v1, https://goo.gl/fbAQLP

exports[`Settings.Header render snapshot 1`] = `
<Component>
  <Styled(View)>
    <Styled(BackIcon)
      onClick={[Function]}
    />
    <Component
      onClick={[Function]}
    />
    <Styled(ScreenTitle)>
      Settings
    </Styled(ScreenTitle)>
  </Styled(View)>
</Component>
`;
