// Jest Snapshot v1, https://goo.gl/fbAQLP

exports[`PostJob.LocationBlock render snapshot 1`] = `
<Styled(View)>
  <Styled(View)>
    <WrapperTitle
      isError={false}
    >
      title
    </WrapperTitle>
    <Styled(Text)>
      subTitle
    </Styled(Text)>
  </Styled(View)>
  <Component
    label="street"
    onClick={[Function]}
    value="address"
  />
  <Styled(View)>
    <Styled(View)>
      <InputBlock
        animatedLabel={true}
        animatedLine={true}
        label="city"
        onBlur={null}
        onChange={[Function]}
        value="city"
      />
    </Styled(View)>
    <Styled(View)
      mr={0}
    >
      <InputBlock
        animatedLabel={true}
        animatedLine={true}
        label="state"
        onBlur={null}
        onChange={[Function]}
        value="state"
      />
    </Styled(View)>
  </Styled(View)>
  <Styled(View)>
    <Styled(View)>
      <InputBlock
        animatedLabel={true}
        animatedLine={true}
        label="zip"
        onBlur={null}
        onChange={[Function]}
        value="zipCode"
      />
    </Styled(View)>
    <Styled(View)
      mr={0}
    >
      <InputBlock
        animatedLabel={true}
        animatedLine={true}
        onBlur={null}
        onChange={[Function]}
        value="country"
      />
    </Styled(View)>
  </Styled(View)>
  <Styled(View)
    mr={0}
    width="100%"
  >
    <Styled(View)>
      <Component
        lat={12.4123}
        lon={12.4123}
        onMapClick={[Function]}
      />
    </Styled(View)>
  </Styled(View)>
</Styled(View)>
`;
