// Jest Snapshot v1, https://goo.gl/fbAQLP

exports[`ChangePasswordModal render snapshot 1`] = `
<Component
  animationType="fade"
  hardwareAccelerated={false}
  onRequestClose={[Function]}
  supportedOrientations={
    Array [
      "portrait",
      "landscape",
    ]
  }
  transparent={true}
  visible={true}
>
  <TouchableWithoutFeedback
    disabled={false}
    onPress={[Function]}
  >
    <Styled(View)>
      <TouchableWithoutFeedback>
        <Styled(View)>
          <Styled(View)>
            <Styled(Text)>
              settings.currentPassword
            </Styled(Text)>
          </Styled(View)>
          <Styled(View)>
            <Styled(Text)>
              settings.verifyPassword
            </Styled(Text)>
            <Styled(View)>
              <InputBlock
                animatedLine={true}
                autoFocus={true}
                errorMessage={false}
                isSecure={true}
                label="settings.password"
                onChange={[Function]}
                placeholder="deleteAccountScreen.typeHere"
                testID="changeInput"
                value=""
              />
              <Styled(TouchableWithoutFeedback)
                hitSlop={
                  Object {
                    "bottom": 15,
                    "left": 15,
                    "right": 15,
                    "top": 15,
                  }
                }
                onPress={[Function]}
                testID="forgotPassTouchableField"
              >
                <Styled(Text)>
                  sign.ForgotPass
                </Styled(Text)>
              </Styled(TouchableWithoutFeedback)>
            </Styled(View)>
            <Styled(View)>
              <Button
                fieldStyle={
                  Object {
                    "width": "50%",
                  }
                }
                linear={true}
                onClick={[Function]}
                style={
                  Object {
                    "gradient": Object {
                      "end": "#cbcbcb",
                      "start": "#f1f1f1",
                    },
                  }
                }
              >
                settings.cancel
              </Button>
              <Button
                fieldStyle={
                  Object {
                    "width": "50%",
                  }
                }
                linear={true}
                loading={false}
                onClick={[Function]}
                style={
                  Object {
                    "container": Object {
                      "flexDirection": "row",
                      "justifyContent": "center",
                      "width": "100%",
                    },
                  }
                }
              >
                settings.verify
              </Button>
            </Styled(View)>
          </Styled(View)>
        </Styled(View)>
      </TouchableWithoutFeedback>
    </Styled(View)>
  </TouchableWithoutFeedback>
</Component>
`;
