// Jest Snapshot v1, https://goo.gl/fbAQLP

exports[`NavigationMenu render snapshot 1`] = `
<Styled(View)>
  <Styled(TouchableOpacity)
    key="findJobs"
    onPress={[Function]}
    testID="section"
  >
    <Styled(View)>
      <Styled(View)>
        <Icon
          color="#3d85f4"
          name="search"
          size={35}
        />
      </Styled(View)>
      <Styled(Text)>
        headerBlock.menu.findJob
      </Styled(Text)>
    </Styled(View)>
  </Styled(TouchableOpacity)>
  <Styled(TouchableOpacity)
    key="postJob"
    onPress={[Function]}
    testID="section"
  >
    <Styled(View)>
      <Styled(View)>
        <Icon
          color="#3d85f4"
          name="pencil-square-o"
          size={35}
        />
      </Styled(View)>
      <Styled(Text)>
        headerBlock.menu.postJob
      </Styled(Text)>
    </Styled(View)>
  </Styled(TouchableOpacity)>
  <Styled(TouchableOpacity)
    key="findHelp"
    onPress={[Function]}
    testID="section"
  >
    <Styled(View)>
      <Styled(View)>
        <Icon
          color="#3d85f4"
          name="worker"
          size={35}
          type="mci"
        />
      </Styled(View)>
      <Styled(Text)>
        headerBlock.menu.findHelp
      </Styled(Text)>
    </Styled(View)>
  </Styled(TouchableOpacity)>
  <Styled(TouchableOpacity)
    key="myJobs"
    onPress={[Function]}
    testID="section"
  >
    <Styled(View)>
      <Styled(View)>
        <Icon
          color="#3d85f4"
          name="list-alt"
          size={35}
        />
      </Styled(View)>
      <Styled(Text)>
        headerBlock.menu.myJobs
      </Styled(Text)>
    </Styled(View)>
  </Styled(TouchableOpacity)>
  <Styled(TouchableOpacity)
    key="myFavourites"
    onPress={[Function]}
    testID="section"
  >
    <Styled(View)>
      <Styled(View)>
        <Icon
          color="#3d85f4"
          name="heart"
          size={35}
        />
      </Styled(View)>
      <Styled(Text)>
        headerBlock.menu.myFavourites
      </Styled(Text)>
    </Styled(View)>
  </Styled(TouchableOpacity)>
  <Styled(TouchableOpacity)
    key="notifications"
    onPress={[Function]}
    testID="section"
  >
    <Styled(View)>
      <Styled(View)>
        <Icon
          color="#3d85f4"
          name="bell"
          size={35}
        />
      </Styled(View)>
      <Styled(Text)>
        homePage.Notifications
      </Styled(Text)>
      <Styled(View) />
    </Styled(View)>
  </Styled(TouchableOpacity)>
  <Styled(TouchableOpacity)
    key="chats"
    onPress={[Function]}
    testID="section"
  >
    <Styled(View)>
      <Styled(View)>
        <Icon
          color="#3d85f4"
          name="comments"
          size={35}
        />
      </Styled(View)>
      <Styled(Text)>
        homePage.chats
      </Styled(Text)>
    </Styled(View)>
  </Styled(TouchableOpacity)>
  <Styled(TouchableOpacity)
    key="myRequests"
    onPress={[Function]}
    testID="section"
  >
    <Styled(View)>
      <Styled(View)>
        <Icon
          color="#3d85f4"
          name="location-arrow"
          size={35}
        />
      </Styled(View)>
      <Styled(Text)>
        headerBlock.menu.myRequests
      </Styled(Text)>
    </Styled(View)>
  </Styled(TouchableOpacity)>
  <Styled(TouchableOpacity)
    key="track"
    onPress={[Function]}
    testID="section"
  >
    <Styled(View)>
      <Styled(View)>
        <Icon
          color="#3d85f4"
          name="search-location"
          size={35}
          type="fa5"
        />
      </Styled(View)>
      <Styled(Text)>
        headerBlock.menu.trackNow
      </Styled(Text)>
    </Styled(View)>
  </Styled(TouchableOpacity)>
  <Styled(TouchableOpacity)
    key="profile"
    onPress={[Function]}
    testID="section"
  >
    <Styled(View)>
      <Styled(View)>
        <Icon
          color="#3d85f4"
          name="user-circle"
          size={35}
        />
      </Styled(View)>
      <Styled(Text)>
        common.YourProfile
      </Styled(Text)>
    </Styled(View)>
  </Styled(TouchableOpacity)>
  <Styled(TouchableOpacity)
    key="subscriptions"
    onPress={[Function]}
    testID="section"
  >
    <Styled(View)>
      <Styled(View)>
        <Icon
          color="#3d85f4"
          name="wallet"
          size={35}
          type="ant"
        />
      </Styled(View)>
      <Styled(Text)>
        common.subscription
      </Styled(Text)>
    </Styled(View)>
  </Styled(TouchableOpacity)>
  <Styled(TouchableOpacity)
    key="settings"
    onPress={[Function]}
    testID="section"
  >
    <Styled(View)>
      <Styled(View)>
        <Icon
          color="#3d85f4"
          name="cog"
          size={35}
        />
      </Styled(View)>
      <Styled(Text)>
        common.setting
      </Styled(Text)>
    </Styled(View)>
  </Styled(TouchableOpacity)>
</Styled(View)>
`;
