// Jest Snapshot v1, https://goo.gl/fbAQLP

exports[`LanguageButton render snapshot 1`] = `
<TouchableOpacity
  activeOpacity={0.2}
  disabled={false}
  onPress={[Function]}
  testID="flagButton"
>
  <Styled(View)>
    <Styled(Text)>
      EN
    </Styled(Text)>
    <Component
      fileName="en"
    />
  </Styled(View)>
</TouchableOpacity>
`;
